// Jest Snapshot v1, https://goo.gl/fbAQLP

exports[`Article component render the Article component 1`] = `
<div
  className="post"
  onClick={[Function]}
>
  <h4>
    Nulla magna massa, porttitor in lacinia eget, imperdiet nec neque.
  </h4>
  <p
    className="date"
  >
    Published: 
    2018-5-20
  </p>
</div>
`;
